// Jest Snapshot v1, https://goo.gl/fbAQLP

exports[`doesn't add append import 1`] = `
"
var parent = document.createElement(\\"div\\");
var p = document.createElement(\\"p\\");
var p2 = document.createElement(\\"p\\");
parent.append(p);
parent.append(p2);"
`;
