// Jest Snapshot v1, https://goo.gl/fbAQLP

exports[`adds import for append once 1`] = `
"
// @no-fbow
var parent = document.createElement(\\"div\\");
var p = document.createElement(\\"p\\");
var p2 = document.createElement(\\"p\\");
parent.append(p);
parent.append(p2);"
`;
