// Jest Snapshot v1, https://goo.gl/fbAQLP

exports[`doesn't add before import 1`] = `
"
const a = document.querySelector(\\"a\\");
const div = document.querySelector(\\"div\\");
a.before(div);
div.before(a);"
`;
