// Jest Snapshot v1, https://goo.gl/fbAQLP

exports[`doesn't add prepend import 1`] = `
"
var parent = document.createElement(\\"div\\");
var p = document.createElement(\\"p\\");
var p2 = document.createElement(\\"p\\");
parent.prepend(p);
parent.prepend(p2);"
`;
