// Jest Snapshot v1, https://goo.gl/fbAQLP

exports[`adds import for replaceWith once 1`] = `
"
// @no-fbow
var parent = document.createElement(\\"div\\");
var child = document.createElement(\\"p\\");
parent.appendChild(child);
var span = document.createElement(\\"span\\");

child.replaceWith(span);
span.replaceWith(child);"
`;
