// Jest Snapshot v1, https://goo.gl/fbAQLP

exports[`adds import for remove once 1`] = `
"import \\"fbow/ChildNode/remove\\";

const a = document.querySelector(\\"a\\");
const div = document.querySelector(\\"div\\");
a.remove();
div.remove();"
`;
