// Jest Snapshot v1, https://goo.gl/fbAQLP

exports[`doesn't add remove import 1`] = `
"
const a = document.querySelector(\\"a\\");
const div = document.querySelector(\\"div\\");
a.remove();
div.remove();"
`;
