// Jest Snapshot v1, https://goo.gl/fbAQLP

exports[`adds import for closest once 1`] = `
"import \\"fbow/Element/closest\\";

const a = document.querySelector(\\"a\\");
const div = document.querySelector(\\"div\\");
a.closest(\\"div\\");
div.closest(\\"p\\");"
`;
