// Jest Snapshot v1, https://goo.gl/fbAQLP

exports[`doesn't add closest import 1`] = `
"
const a = document.querySelector(\\"a\\");
const div = document.querySelector(\\"div\\");
a.closest(\\"div\\");
div.closest(\\"p\\");"
`;
